// Jest Snapshot v1, https://goo.gl/fbAQLP

exports[`PermissionsRoute component should display permissions modal if app found 1`] = `
<withI18n(PermissionsModalWrapper)
  app={
    Object {
      "categories": Array [
        "cozy",
      ],
      "developer": Object {
        "name": "Cozy",
      },
      "editor": "Cozy",
      "icon": "<svg></svg>",
      "installed": true,
      "isInRegistry": true,
      "label": 1,
      "name": "Collect",
      "name_prefix": "Cozy",
      "permissions": Object {
        "mock": Object {
          "type": "io.mock.doctype",
        },
        "mock2": Object {
          "type": "io.mock.doctype2",
        },
      },
      "related": "http://collect.cozy.mock/",
      "slug": "collect",
      "tags": Array [
        "konnector",
        "collect",
        "bills",
        "providers",
        "files",
      ],
      "type": "webapp",
      "uninstallable": false,
      "version": "3.0.0",
      "versions": Object {
        "beta": Array [
          "3.0.0",
        ],
        "dev": Array [
          "3.0.0",
        ],
        "stable": Array [
          "3.0.0",
        ],
      },
    }
  }
  parent="/myapps"
/>
`;
