// Jest Snapshot v1, https://goo.gl/fbAQLP

exports[`Apps Containers (connected components): Discover should be rendered correctly at initial store 1`] = `
<Wrapper
  actionError={null}
  apps={Array []}
  f={undefined}
  fetchError={null}
  fetchLatestApp={[Function]}
  installApp={[Function]}
  installedApps={Array []}
  isAppFetching={undefined}
  isFetching={false}
  isInstalling={false}
  isUninstalling={undefined}
  lang={undefined}
  store={
    Object {
      "clearActions": [Function],
      "dispatch": [Function],
      "getActions": [Function],
      "getState": [Function],
      "replaceReducer": [Function],
      "subscribe": [Function],
    }
  }
  storeSubscription={
    Subscription {
      "listeners": Object {
        "clear": [Function],
        "get": [Function],
        "notify": [Function],
        "subscribe": [Function],
      },
      "onStateChange": [Function],
      "parentSub": undefined,
      "store": Object {
        "clearActions": [Function],
        "dispatch": [Function],
        "getActions": [Function],
        "getState": [Function],
        "replaceReducer": [Function],
        "subscribe": [Function],
      },
      "unsubscribe": [Function],
    }
  }
  t={undefined}
  uninstallApp={[Function]}
  updateApp={[Function]}
/>
`;

exports[`Apps Containers (connected components): MyApplications should be rendered correctly at initial store 1`] = `
<Wrapper
  actionError={null}
  apps={Array []}
  f={undefined}
  fetchError={null}
  fetchLatestApp={[Function]}
  installApp={[Function]}
  installedApps={Array []}
  isAppFetching={undefined}
  isFetching={false}
  isInstalling={false}
  isUninstalling={undefined}
  lang={undefined}
  store={
    Object {
      "clearActions": [Function],
      "dispatch": [Function],
      "getActions": [Function],
      "getState": [Function],
      "replaceReducer": [Function],
      "subscribe": [Function],
    }
  }
  storeSubscription={
    Subscription {
      "listeners": Object {
        "clear": [Function],
        "get": [Function],
        "notify": [Function],
        "subscribe": [Function],
      },
      "onStateChange": [Function],
      "parentSub": undefined,
      "store": Object {
        "clearActions": [Function],
        "dispatch": [Function],
        "getActions": [Function],
        "getState": [Function],
        "replaceReducer": [Function],
        "subscribe": [Function],
      },
      "unsubscribe": [Function],
    }
  }
  t={undefined}
  uninstallApp={[Function]}
  updateApp={[Function]}
/>
`;
