// Jest Snapshot v1, https://goo.gl/fbAQLP

exports[`Apps Containers (connected components): Discover should be rendered correctly at initial store 1`] = `
<Connect(Wrapper)
  store={
    Object {
      "clearActions": [Function],
      "dispatch": [Function],
      "getActions": [Function],
      "getState": [Function],
      "replaceReducer": [Function],
      "subscribe": [Function],
    }
  }
/>
`;

exports[`Apps Containers (connected components): MyApplications should be rendered correctly at initial store 1`] = `
<Connect(Wrapper)
  store={
    Object {
      "clearActions": [Function],
      "dispatch": [Function],
      "getActions": [Function],
      "getState": [Function],
      "replaceReducer": [Function],
      "subscribe": [Function],
    }
  }
/>
`;
