// Jest Snapshot v1, https://goo.gl/fbAQLP

exports[`App component only should be mounted correctly 1`] = `
<BreakpointsProvider>
  <Layout
    monoColumn={false}
  >
    <Alerter
      into="body"
    />
    <withI18n(withBreakpoints(Sidebar)) />
    <Main>
      <AppRouter />
    </Main>
    <Sprite />
  </Layout>
</BreakpointsProvider>
`;
