// Jest Snapshot v1, https://goo.gl/fbAQLP

exports[`LoadingAppsComponents component should be rendered correctly if isMobile 1`] = `
<DocumentFragment>
  <div
    class="sto-sections-list"
  >
    <div
      class="sto-small-app-item"
    >
      <div
        class="sto-small-app-item-icon-wrapper"
      >
        <div
          class="sto-small-app-item-icon"
        >
          <span
            class="sto-sections-placeholder"
            data-testid="placeholder"
            style="width: 2.5rem; height: 2.5rem; margin: auto;"
          />
        </div>
      </div>
      <div
        class="sto-small-app-item-desc"
      >
        <h4
          class="sto-small-app-item-title"
        >
          <span
            class="sto-sections-placeholder"
            data-testid="placeholder"
            style="width: 5rem; height: .8rem; margin: auto;"
          />
        </h4>
        <p
          class="sto-small-app-item-developer"
        >
          <span
            class="sto-sections-placeholder"
            data-testid="placeholder"
            style="width: 5rem; height: .8rem; margin: auto;"
          />
        </p>
        <p
          class="sto-small-app-item-status"
        >
          <span
            class="sto-sections-placeholder"
            data-testid="placeholder"
            style="width: 4rem; height: .6rem; margin: auto;"
          />
        </p>
      </div>
    </div>
    <div
      class="sto-small-app-item"
    >
      <div
        class="sto-small-app-item-icon-wrapper"
      >
        <div
          class="sto-small-app-item-icon"
        >
          <span
            class="sto-sections-placeholder"
            data-testid="placeholder"
            style="width: 2.5rem; height: 2.5rem; margin: auto;"
          />
        </div>
      </div>
      <div
        class="sto-small-app-item-desc"
      >
        <h4
          class="sto-small-app-item-title"
        >
          <span
            class="sto-sections-placeholder"
            data-testid="placeholder"
            style="width: 5rem; height: .8rem; margin: auto;"
          />
        </h4>
        <p
          class="sto-small-app-item-developer"
        >
          <span
            class="sto-sections-placeholder"
            data-testid="placeholder"
            style="width: 5rem; height: .8rem; margin: auto;"
          />
        </p>
        <p
          class="sto-small-app-item-status"
        >
          <span
            class="sto-sections-placeholder"
            data-testid="placeholder"
            style="width: 4rem; height: .6rem; margin: auto;"
          />
        </p>
      </div>
    </div>
    <div
      class="sto-small-app-item"
    >
      <div
        class="sto-small-app-item-icon-wrapper"
      >
        <div
          class="sto-small-app-item-icon"
        >
          <span
            class="sto-sections-placeholder"
            data-testid="placeholder"
            style="width: 2.5rem; height: 2.5rem; margin: auto;"
          />
        </div>
      </div>
      <div
        class="sto-small-app-item-desc"
      >
        <h4
          class="sto-small-app-item-title"
        >
          <span
            class="sto-sections-placeholder"
            data-testid="placeholder"
            style="width: 5rem; height: .8rem; margin: auto;"
          />
        </h4>
        <p
          class="sto-small-app-item-developer"
        >
          <span
            class="sto-sections-placeholder"
            data-testid="placeholder"
            style="width: 5rem; height: .8rem; margin: auto;"
          />
        </p>
        <p
          class="sto-small-app-item-status"
        >
          <span
            class="sto-sections-placeholder"
            data-testid="placeholder"
            style="width: 4rem; height: .6rem; margin: auto;"
          />
        </p>
      </div>
    </div>
  </div>
</DocumentFragment>
`;
