// Jest Snapshot v1, https://goo.gl/fbAQLP

exports[`AppVote component should be rendered correctly 1`] = `
<PopupOpener
  className="sto-app-vote-wrapper"
  height={700}
  title="Cozy app voting"
  url="https://portal.productboard.com/apgt1jwdsjitcdcz888fbjxt/tabs/5-wish-list"
  width={650}
>
  <div
    className="sto-app-vote"
  >
    <Icon
      className="sto-app-vote-icon"
      height="60"
      icon="test-file-stub"
      spin={false}
      width="55"
    />
    <strong>
      <p>
        Can't find what you're looking for?
      </p>
      <p>
        Let us know!
      </p>
    </strong>
  </div>
</PopupOpener>
`;
