// Jest Snapshot v1, https://goo.gl/fbAQLP

exports[`ReactMarkdownWrapper component should be rendered correctly 1`] = `
<ReactMarkdown
  containerTagName="div"
  parserOptions={Object {}}
  renderers={
    Object {
      "Link": [Function],
    }
  }
  source="Test [link]() __strong__"
/>
`;

exports[`ReactMarkdownWrapper component should have correct Link renderer options 1`] = `
<a
  href="#"
  target="_blank"
>
  <div />
</a>
`;
