// Jest Snapshot v1, https://goo.gl/fbAQLP

exports[`Sidebar component should be rendered correctly 1`] = `
<aside
  className="o-sidebar"
>
  <Nav>
    <NavItem>
      <NavLink
        activeClassName="is-active"
        ariaCurrent="true"
        className="c-nav-link"
        to="/discover"
      >
        <NavIcon
          icon="test-file-stub"
        />
        <NavText>
          Applications
        </NavText>
      </NavLink>
    </NavItem>
    <withRouter(Connect(Wrapper))
      parent="/discover"
    />
    <NavItem>
      <NavLink
        activeClassName="is-active"
        ariaCurrent="true"
        className="c-nav-link"
        to="/myapps"
      >
        <NavIcon
          icon="test-file-stub"
        />
        <NavText>
          My Applications
        </NavText>
      </NavLink>
    </NavItem>
    <withRouter(Connect(Wrapper))
      parent="/myapps"
    />
  </Nav>
</aside>
`;
