// Jest Snapshot v1, https://goo.gl/fbAQLP

exports[`Sidebar component should be rendered correctly 1`] = `
<aside
  className="o-sidebar"
>
  <Nav>
    <NavItem>
      <NavLink
        activeClassName="styles__is-active___2D0jN"
        aria-current="page"
        className="styles__c-nav-link___3mK6W"
        to="/discover"
      >
        <NavIcon
          icon="test-file-stub"
        />
        <NavText>
          Applications
        </NavText>
      </NavLink>
    </NavItem>
    <withRouter(Connect(withRouter(Wrapper)))
      parent="/discover"
    />
    <NavItem>
      <NavLink
        activeClassName="styles__is-active___2D0jN"
        aria-current="page"
        className="styles__c-nav-link___3mK6W"
        to="/myapps"
      >
        <NavIcon
          icon="test-file-stub"
        />
        <NavText>
          My Applications
        </NavText>
      </NavLink>
    </NavItem>
    <withRouter(Connect(withRouter(Wrapper)))
      parent="/myapps"
    />
  </Nav>
</aside>
`;
