// Jest Snapshot v1, https://goo.gl/fbAQLP

exports[`AppInstallation component should install automatically the app if the label is skippable and render the loading modal 1`] = `
<React.Fragment>
  <ModalContent
    className="sto-install-loading-wrapper"
  >
    <div
      className="sto-install-loading"
    >
      <withI18n(Spinner)
        size="xxlarge"
      />
    </div>
  </ModalContent>
</React.Fragment>
`;

exports[`AppInstallation component should not install automatically the app if the label is not skippable and render the permissions modal 1`] = `
<React.Fragment>
  <ModalHeader
    title="Data usage"
  />
  <ModalContent />
  <ModalFooter
    className="sto-install-footer"
  >
    <div
      className="sto-install-controls"
    >
      <DefaultButton
        className="u-mh-half"
        disabled={false}
        extension="full"
        label="Cancel"
        onClick={[MockFunction]}
        theme="secondary"
      />
      <DefaultButton
        busy={false}
        className="u-mh-half"
        extension="full"
        label="Install"
        onClick={[Function]}
        theme="primary"
      />
    </div>
  </ModalFooter>
</React.Fragment>
`;
