// Jest Snapshot v1, https://goo.gl/fbAQLP

exports[`AppsSection component should be rendered correctly with apps list, subtitle and onAppClick 1`] = `
<div
  className="sto-sections-apps"
>
  <h3
    className="sto-sections-subtitle"
  >
    Test Apps
  </h3>
  <div
    className="sto-sections-list"
  >
    <Wrapper
      developer={
        Object {
          "name": "Cozy",
        }
      }
      editor="Cozy"
      icon="<svg></svg>"
      iconToLoad={undefined}
      installed={true}
      installedAppLink="http://collect.cozy.mock/"
      name="Collect"
      namePrefix="Cozy"
      onClick={[Function]}
      slug="collect"
    />
    <Wrapper
      developer={
        Object {
          "name": "Cozy",
        }
      }
      editor="Cozy"
      icon="<svg></svg>"
      iconToLoad={undefined}
      installed={undefined}
      installedAppLink={undefined}
      name="DevOnly"
      namePrefix=""
      onClick={[Function]}
      slug="devonly"
    />
    <Wrapper
      developer={
        Object {
          "name": "Cozy",
        }
      }
      editor="Cozy"
      icon="<svg></svg>"
      iconToLoad={undefined}
      installed={true}
      installedAppLink="http://drive.cozy.mock/"
      name="Drive"
      namePrefix="Cozy"
      onClick={[Function]}
      slug="drive"
    />
    <Wrapper
      developer={
        Object {
          "name": "Cozy",
        }
      }
      editor=""
      icon="<svg></svg>"
      iconToLoad={undefined}
      installed={undefined}
      installedAppLink={undefined}
      name="Bouilligue"
      namePrefix=""
      onClick={[Function]}
      slug="konnector-bouilligue"
    />
    <Wrapper
      developer={
        Object {
          "name": "Cozy",
        }
      }
      editor=""
      icon="<svg></svg>"
      iconToLoad={undefined}
      installed={true}
      installedAppLink={undefined}
      name="Trinlane"
      namePrefix=""
      onClick={[Function]}
      slug="konnector-trinlane"
    />
    <Wrapper
      developer={
        Object {
          "name": "Cozy",
        }
      }
      editor="Cozy"
      icon="<svg></svg>"
      iconToLoad={undefined}
      installed={undefined}
      installedAppLink={undefined}
      name="Photos"
      namePrefix="Cozy"
      onClick={[Function]}
      slug="photos"
    />
    <Wrapper
      developer={Object {}}
      editor=""
      icon="<svg></svg>"
      iconToLoad={undefined}
      installed={undefined}
      installedAppLink={undefined}
      name="Tasky"
      namePrefix=""
      onClick={[Function]}
      slug="tasky"
    />
  </div>
</div>
`;
