// Jest Snapshot v1, https://goo.gl/fbAQLP

exports[`ChannelModal component should be rendered correctly if app found and from registry 1`] = `
<Modal
  closable={true}
  dismissAction={[Function]}
  into="body"
  mobileFullscreen={true}
  overflowHidden={false}
  primaryType="regular"
  secondaryType="secondary"
  size="small"
>
  <withClient(Connect(withI18n(AppInstallation)))
    appSlug="photos"
    channel="beta"
    onCancel={[Function]}
    onInstallOrUpdate={[MockFunction]}
  />
</Modal>
`;

exports[`ChannelModal component should not break the permissions part if no permissions property found in manifest 1`] = `
<Modal
  closable={true}
  dismissAction={[Function]}
  into="body"
  mobileFullscreen={true}
  overflowHidden={false}
  primaryType="regular"
  secondaryType="secondary"
  size="small"
>
  <withClient(Connect(withI18n(AppInstallation)))
    appSlug="photos"
    channel="beta"
    onCancel={[Function]}
    onInstallOrUpdate={[MockFunction]}
  />
</Modal>
`;
