// Jest Snapshot v1, https://goo.gl/fbAQLP

exports[`ConfigureModal component renders 1`] = `
<Dialog
  classes={
    Object {
      "paper": "u-h-100",
    }
  }
  disableEnforceFocus={true}
  fullWidth={true}
  maxWidth="md"
  onClose={[Function]}
  open={true}
>
  <CloseButton
    onClick={[Function]}
  />
  <withClient(IntentIframe)
    action="CREATE"
    create={[Function]}
    doctype="io.cozy.accounts"
    onCancel={[MockFunction]}
    onTerminate={[MockFunction]}
    options={
      Object {
        "slug": "trinlane",
      }
    }
  />
</Dialog>
`;
