// Jest Snapshot v1, https://goo.gl/fbAQLP

exports[`InstallModal component should be rendered correctly if app found 1`] = `
<Dialog
  content={
    <withClient(Connect(withI18n(AppInstallation)))
      appSlug="photos"
      onCancel={[Function]}
      onInstallOrUpdate={[MockFunction]}
      onKonnectorInstall={[MockFunction]}
    />
  }
  onClose={[Function]}
  open={true}
  title="app_modal.install.title"
/>
`;

exports[`InstallModal component should be rendered correctly to update app with availableVersion 1`] = `
<Dialog
  content={
    <withClient(Connect(withI18n(AppInstallation)))
      appSlug="photos"
      onCancel={[Function]}
      onInstallOrUpdate={[MockFunction]}
      onKonnectorInstall={[MockFunction]}
    />
  }
  onClose={[Function]}
  open={true}
  title="app_modal.install.title"
/>
`;

exports[`InstallModal component should be rendered correctly with also app in registry 1`] = `
<Dialog
  content={
    <withClient(Connect(withI18n(AppInstallation)))
      appSlug="photos"
      onCancel={[Function]}
      onInstallOrUpdate={[MockFunction]}
      onKonnectorInstall={[MockFunction]}
    />
  }
  onClose={[Function]}
  open={true}
  title="app_modal.install.title"
/>
`;

exports[`InstallModal component should not break the permissions part if no permissions property found in manifest 1`] = `
<Dialog
  content={
    <withClient(Connect(withI18n(AppInstallation)))
      appSlug="photos"
      onCancel={[Function]}
      onInstallOrUpdate={[MockFunction]}
      onKonnectorInstall={[MockFunction]}
    />
  }
  onClose={[Function]}
  open={true}
  title="app_modal.install.title"
/>
`;
