// Jest Snapshot v1, https://goo.gl/fbAQLP

exports[`AppsSection component should be rendered correctly with apps list, subtitle and onAppClick 1`] = `
<div
  className="sto-sections"
>
  <h1
    className="sto-sections-title u-title-h1"
  >
    Applications
  </h1>
  <div
    className="sto-sections-section"
  >
    <div>
      <Wrapper
        appsList={
          Array [
            Object {
              "categories": Array [
                "partners",
              ],
              "icon": "<svg></svg>",
              "isInRegistry": true,
              "name": "Tasky",
              "slug": "tasky",
              "type": "webapp",
              "uninstallable": true,
              "versions": Object {
                "beta": Array [
                  "1.0.0",
                ],
                "dev": Array [
                  "1.0.0",
                ],
                "stable": Array [
                  "1.0.0",
                ],
              },
            },
          ]
        }
        onAppClick={[MockFunction]}
        subtitle={
          <h2
            className="sto-sections-subtitle u-title-h2"
          >
            Partners
          </h2>
        }
      />
      <Wrapper
        appsList={
          Array [
            Object {
              "categories": Array [
                "cozy",
              ],
              "developer": Object {
                "name": "Cozy",
              },
              "editor": "Cozy",
              "icon": "<svg></svg>",
              "installed": true,
              "isInRegistry": true,
              "name": "Collect",
              "name_prefix": "Cozy",
              "permissions": Object {
                "mock": Object {
                  "type": "io.mock.doctype",
                },
                "mock2": Object {
                  "type": "io.mock.doctype2",
                },
              },
              "related": "http://collect.cozy.mock/",
              "slug": "collect",
              "tags": Array [
                "konnector",
                "collect",
                "bills",
                "providers",
                "files",
              ],
              "type": "webapp",
              "uninstallable": false,
              "version": "3.0.0",
              "versions": Object {
                "beta": Array [
                  "3.0.0",
                ],
                "dev": Array [
                  "3.0.0",
                ],
                "stable": Array [
                  "3.0.0",
                ],
              },
            },
            Object {
              "categories": Array [
                "cozy",
              ],
              "developer": Object {
                "name": "Cozy",
              },
              "editor": "Cozy",
              "icon": "<svg></svg>",
              "installed": true,
              "name": "Drive",
              "name_prefix": "Cozy",
              "permissions": Object {
                "mock2": Object {
                  "type": "io.mock.doctype2",
                },
              },
              "related": "http://drive.cozy.mock/",
              "slug": "drive",
              "tags": Array [
                "search",
                "files",
                "folders",
              ],
              "type": "webapp",
              "uninstallable": false,
              "version": "3.0.0-beta89bnhj3993",
            },
            Object {
              "categories": Array [
                "cozy",
              ],
              "developer": Object {
                "name": "Cozy",
              },
              "editor": "Cozy",
              "icon": "<svg></svg>",
              "isInRegistry": true,
              "name": "Photos",
              "name_prefix": "Cozy",
              "slug": "photos",
              "type": "webapp",
              "uninstallable": true,
              "versions": Object {
                "beta": Array [
                  "3.0.0",
                ],
                "dev": Array [
                  "3.0.0",
                ],
                "stable": Array [
                  "3.0.0",
                ],
              },
            },
          ]
        }
        onAppClick={[MockFunction]}
        subtitle={
          <h2
            className="sto-sections-subtitle u-title-h2"
          >
            The essentials
          </h2>
        }
      />
      <Wrapper
        appsList={
          Array [
            Object {
              "categories": Array [
                "others",
              ],
              "developer": Object {
                "name": "Cozy",
              },
              "editor": "Cozy",
              "icon": "<svg></svg>",
              "isInRegistry": true,
              "locales": Object {
                "name": "For Dev Only",
              },
              "name": "DevOnly",
              "slug": "devonly",
              "type": "webapp",
              "uninstallable": true,
              "versions": Object {
                "beta": Array [],
                "dev": Array [
                  "1.0.0-betaojdkehy989ekhflldh",
                ],
                "stable": Array [],
              },
            },
          ]
        }
        onAppClick={[MockFunction]}
        subtitle={
          <h2
            className="sto-sections-subtitle u-title-h2"
          >
            Others
          </h2>
        }
      />
    </div>
    <div>
      <h2
        className="sto-sections-subtitle u-title-h2"
      >
        Services
      </h2>
      <Wrapper
        appsList={
          Array [
            Object {
              "categories": Array [
                "isp",
                "telecom",
              ],
              "developer": Object {
                "name": "Cozy",
              },
              "icon": "<svg></svg>",
              "isInRegistry": true,
              "name": "Bouilligue",
              "slug": "konnector-bouilligue",
              "type": "konnector",
              "uninstallable": true,
              "versions": Object {
                "beta": Array [
                  "0.1.0",
                ],
                "dev": Array [
                  "0.1.0",
                ],
                "stable": Array [
                  "0.1.0",
                ],
              },
            },
          ]
        }
        onAppClick={[MockFunction]}
        subtitle={
          <h3
            className="sto-sections-subtitle-secondary"
          >
            ISP
          </h3>
        }
      />
      <Wrapper
        appsList={
          Array [
            Object {
              "categories": Array [
                "isp",
                "telecom",
              ],
              "developer": Object {
                "name": "Cozy",
              },
              "icon": "<svg></svg>",
              "isInRegistry": true,
              "name": "Bouilligue",
              "slug": "konnector-bouilligue",
              "type": "konnector",
              "uninstallable": true,
              "versions": Object {
                "beta": Array [
                  "0.1.0",
                ],
                "dev": Array [
                  "0.1.0",
                ],
                "stable": Array [
                  "0.1.0",
                ],
              },
            },
          ]
        }
        onAppClick={[MockFunction]}
        subtitle={
          <h3
            className="sto-sections-subtitle-secondary"
          >
            Telecom
          </h3>
        }
      />
      <Wrapper
        appsList={
          Array [
            Object {
              "categories": Array [
                "transport",
              ],
              "developer": Object {
                "name": "Cozy",
              },
              "icon": "<svg></svg>",
              "installed": true,
              "isInRegistry": true,
              "name": "Trinlane",
              "permissions": Object {
                "mock": Object {
                  "type": "io.mock.doctype",
                },
              },
              "slug": "konnector-trinlane",
              "tags": Array [
                "transport",
                "files",
                "bills",
              ],
              "type": "konnector",
              "uninstallable": true,
              "version": "0.1.0",
              "versions": Object {
                "beta": Array [
                  "0.1.0",
                ],
                "dev": Array [
                  "0.1.0",
                ],
                "stable": Array [
                  "0.1.0",
                ],
              },
            },
          ]
        }
        onAppClick={[MockFunction]}
        subtitle={
          <h3
            className="sto-sections-subtitle-secondary"
          >
            Transportation
          </h3>
        }
      />
    </div>
  </div>
</div>
`;

exports[`AppsSection component should render correctly render message if error provided 1`] = `
<p
  className="u-error"
>
  This is a test error
</p>
`;
