// Jest Snapshot v1, https://goo.gl/fbAQLP

exports[`InstallAppIntent component should be rendered correctly 1`] = `
<div
  className="coz-intent-wrapper"
>
  <IntentHeader
    appEditor="Cozy"
    appIcon="..//path/to/icon"
    appName="Drive"
  />
  <div
    className="coz-intent-content"
  >
    <InstallAppIntentContent
      app={
        Object {
          "slug": "drive",
        }
      }
      appData={
        Object {
          "app": Object {
            "editor": "Cozy",
            "icon": "/path/to/icon",
            "name": "Drive",
          },
        }
      }
      hasWebappSucceed={false}
      initAppIntent={
        [MockFunction] {
          "calls": Array [
            Array [],
          ],
          "results": Array [
            Object {
              "type": "return",
              "value": undefined,
            },
          ],
        }
      }
    />
  </div>
</div>
`;
