// Jest Snapshot v1, https://goo.gl/fbAQLP

exports[`InstallAppIntent component should be rendered correctly 1`] = `
<InstallAppIntentContent
  app={
    Object {
      "slug": "drive",
    }
  }
  appData={
    Object {
      "app": Object {
        "editor": "Cozy",
        "icon": "/path/to/icon",
        "name": "Drive",
      },
    }
  }
  error={false}
  hasWebappSucceed={false}
  installApp={[Function]}
  isInstalled={false}
  isReadyWithoutErrors={true}
  onTerminate={[Function]}
/>
`;
