// Jest Snapshot v1, https://goo.gl/fbAQLP

exports[`currentAppVersion Containers (connected components): InstallModal should be rendered correctly at initial store 1`] = `
<_translate
  currentAppVersion={null}
  fetchLastAppVersion={[Function]}
  isVersionFetching={false}
  store={
    Object {
      "clearActions": [Function],
      "dispatch": [Function],
      "getActions": [Function],
      "getState": [Function],
      "replaceReducer": [Function],
      "subscribe": [Function],
    }
  }
  storeSubscription={
    Subscription {
      "listeners": Object {
        "notify": [Function],
      },
      "onStateChange": [Function],
      "parentSub": undefined,
      "store": Object {
        "clearActions": [Function],
        "dispatch": [Function],
        "getActions": [Function],
        "getState": [Function],
        "replaceReducer": [Function],
        "subscribe": [Function],
      },
      "unsubscribe": null,
    }
  }
  versionError={null}
/>
`;
